// Jest Snapshot v1, https://goo.gl/fbAQLP

exports[`EquipmentPanel should render correctly 1`] = `
<div>
  <div
    class="container"
  >
    <header
      class="appHeader"
    >
      <h1>
        weighter
      </h1>
    </header>
    <form>
      <div
        class="container"
      >
        <header
          class="header"
        >
          <h2
            class="sectionTitle"
          >
            Weight Plates
          </h2>
        </header>
        <div
          class="plateOptions"
        >
          <div
            class="plateRow"
          >
            <div
              aria-checked="false"
              class="container plateSelect"
              id="checkbox-plate-773e8524-09ee-46cc-a2ed-411b2fa27803"
              role="checkbox"
              tabindex="0"
            >
              <input
                type="checkbox"
              />
              <span
                class="checkbox"
              />
            </div>
            <label
              class="plateLabel"
              for="plate-773e8524-09ee-46cc-a2ed-411b2fa27803"
              id="label-plate-773e8524-09ee-46cc-a2ed-411b2fa27803"
            >
              <span
                class="plateLabelWeight"
              >
                1.25
              </span>
               
              <span
                class="plateLabelUnits"
              >
                lb
              </span>
            </label>
            <span
              class="plateQty"
            >
              <span
                class="plateQtyTimes"
              >
                x
              </span>
              <div
                class="plateQtySelect css-2b097c-container"
                id="plate-773e8524-09ee-46cc-a2ed-411b2fa27803-qty"
              >
                <div
                  class=" css-1xjhmb-control"
                >
                  <div
                    class=" css-86rg1c-ValueContainer"
                  >
                    <div
                      class=" css-1r23seu-placeholder"
                    >
                      Qty.
                    </div>
                    <div
                      class="css-b8ldur-Input"
                    >
                      <div
                        class=""
                        style="display: inline-block;"
                      >
                        <input
                          aria-autocomplete="list"
                          aria-labelledby="label-plate-773e8524-09ee-46cc-a2ed-411b2fa27803"
                          autocapitalize="none"
                          autocomplete="off"
                          autocorrect="off"
                          id="react-select-2-input"
                          spellcheck="false"
                          style="box-sizing: content-box; width: 2px; border: 0px; font-size: inherit; opacity: 1; outline: 0; padding: 0px;"
                          tabindex="0"
                          type="text"
                          value=""
                        />
                        <div
                          style="position: absolute; top: 0px; left: 0px; visibility: hidden; height: 0px; overflow: scroll; white-space: pre; font-size: inherit; font-family: -webkit-small-control; letter-spacing: normal; text-transform: none;"
                        />
                      </div>
                    </div>
                  </div>
                  <div
                    class=" css-3g9ome-IndicatorsContainer"
                  >
                    <span
                      class=" css-1okebmr-indicatorSeparator"
                    />
                    <div
                      aria-hidden="true"
                      class=" css-7kpv6p-indicatorContainer"
                    >
                      <svg
                        aria-hidden="true"
                        class="css-6q0nyr-Svg"
                        focusable="false"
                        height="20"
                        viewBox="0 0 20 20"
                        width="20"
                      >
                        <path
                          d="M4.516 7.548c0.436-0.446 1.043-0.481 1.576 0l3.908 3.747 3.908-3.747c0.533-0.481 1.141-0.446 1.574 0 0.436 0.445 0.408 1.197 0 1.615-0.406 0.418-4.695 4.502-4.695 4.502-0.217 0.223-0.502 0.335-0.787 0.335s-0.57-0.112-0.789-0.335c0 0-4.287-4.084-4.695-4.502s-0.436-1.17 0-1.615z"
                        />
                      </svg>
                    </div>
                  </div>
                </div>
              </div>
            </span>
          </div>
          <div
            class="plateRow"
          >
            <div
              aria-checked="true"
              class="container plateSelect"
              id="checkbox-plate-7caf0566-5245-428e-b220-ab4c0d852159"
              role="checkbox"
              tabindex="0"
            >
              <input
                checked=""
                type="checkbox"
              />
              <span
                class="checkbox"
              />
            </div>
            <label
              class="plateLabel"
              for="plate-7caf0566-5245-428e-b220-ab4c0d852159"
              id="label-plate-7caf0566-5245-428e-b220-ab4c0d852159"
            >
              <span
                class="plateLabelWeight"
              >
                2.5
              </span>
               
              <span
                class="plateLabelUnits"
              >
                lb
              </span>
            </label>
            <span
              class="plateQty"
            >
              <span
                class="plateQtyTimes"
              >
                x
              </span>
              <div
                class="plateQtySelect css-2b097c-container"
                id="plate-7caf0566-5245-428e-b220-ab4c0d852159-qty"
              >
                <div
                  class=" css-1xjhmb-control"
                >
                  <div
                    class=" css-86rg1c-ValueContainer"
                  >
                    <div
                      class=" css-1opnhvy-singleValue"
                    >
                      2
                    </div>
                    <div
                      class="css-b8ldur-Input"
                    >
                      <div
                        class=""
                        style="display: inline-block;"
                      >
                        <input
                          aria-autocomplete="list"
                          aria-labelledby="label-plate-7caf0566-5245-428e-b220-ab4c0d852159"
                          autocapitalize="none"
                          autocomplete="off"
                          autocorrect="off"
                          id="react-select-3-input"
                          spellcheck="false"
                          style="box-sizing: content-box; width: 2px; border: 0px; font-size: inherit; opacity: 1; outline: 0; padding: 0px;"
                          tabindex="0"
                          type="text"
                          value=""
                        />
                        <div
                          style="position: absolute; top: 0px; left: 0px; visibility: hidden; height: 0px; overflow: scroll; white-space: pre; font-size: inherit; font-family: -webkit-small-control; letter-spacing: normal; text-transform: none;"
                        />
                      </div>
                    </div>
                  </div>
                  <div
                    class=" css-3g9ome-IndicatorsContainer"
                  >
                    <span
                      class=" css-1okebmr-indicatorSeparator"
                    />
                    <div
                      aria-hidden="true"
                      class=" css-7kpv6p-indicatorContainer"
                    >
                      <svg
                        aria-hidden="true"
                        class="css-6q0nyr-Svg"
                        focusable="false"
                        height="20"
                        viewBox="0 0 20 20"
                        width="20"
                      >
                        <path
                          d="M4.516 7.548c0.436-0.446 1.043-0.481 1.576 0l3.908 3.747 3.908-3.747c0.533-0.481 1.141-0.446 1.574 0 0.436 0.445 0.408 1.197 0 1.615-0.406 0.418-4.695 4.502-4.695 4.502-0.217 0.223-0.502 0.335-0.787 0.335s-0.57-0.112-0.789-0.335c0 0-4.287-4.084-4.695-4.502s-0.436-1.17 0-1.615z"
                        />
                      </svg>
                    </div>
                  </div>
                </div>
              </div>
            </span>
          </div>
          <div
            class="plateRow"
          >
            <div
              aria-checked="true"
              class="container plateSelect"
              id="checkbox-plate-3787dc6c-3b4f-4052-bf45-22e70ecfbe21"
              role="checkbox"
              tabindex="0"
            >
              <input
                checked=""
                type="checkbox"
              />
              <span
                class="checkbox"
              />
            </div>
            <label
              class="plateLabel"
              for="plate-3787dc6c-3b4f-4052-bf45-22e70ecfbe21"
              id="label-plate-3787dc6c-3b4f-4052-bf45-22e70ecfbe21"
            >
              <span
                class="plateLabelWeight"
              >
                5
              </span>
               
              <span
                class="plateLabelUnits"
              >
                lb
              </span>
            </label>
            <span
              class="plateQty"
            >
              <span
                class="plateQtyTimes"
              >
                x
              </span>
              <div
                class="plateQtySelect css-2b097c-container"
                id="plate-3787dc6c-3b4f-4052-bf45-22e70ecfbe21-qty"
              >
                <div
                  class=" css-1xjhmb-control"
                >
                  <div
                    class=" css-86rg1c-ValueContainer"
                  >
                    <div
                      class=" css-1opnhvy-singleValue"
                    >
                      4
                    </div>
                    <div
                      class="css-b8ldur-Input"
                    >
                      <div
                        class=""
                        style="display: inline-block;"
                      >
                        <input
                          aria-autocomplete="list"
                          aria-labelledby="label-plate-3787dc6c-3b4f-4052-bf45-22e70ecfbe21"
                          autocapitalize="none"
                          autocomplete="off"
                          autocorrect="off"
                          id="react-select-4-input"
                          spellcheck="false"
                          style="box-sizing: content-box; width: 2px; border: 0px; font-size: inherit; opacity: 1; outline: 0; padding: 0px;"
                          tabindex="0"
                          type="text"
                          value=""
                        />
                        <div
                          style="position: absolute; top: 0px; left: 0px; visibility: hidden; height: 0px; overflow: scroll; white-space: pre; font-size: inherit; font-family: -webkit-small-control; letter-spacing: normal; text-transform: none;"
                        />
                      </div>
                    </div>
                  </div>
                  <div
                    class=" css-3g9ome-IndicatorsContainer"
                  >
                    <span
                      class=" css-1okebmr-indicatorSeparator"
                    />
                    <div
                      aria-hidden="true"
                      class=" css-7kpv6p-indicatorContainer"
                    >
                      <svg
                        aria-hidden="true"
                        class="css-6q0nyr-Svg"
                        focusable="false"
                        height="20"
                        viewBox="0 0 20 20"
                        width="20"
                      >
                        <path
                          d="M4.516 7.548c0.436-0.446 1.043-0.481 1.576 0l3.908 3.747 3.908-3.747c0.533-0.481 1.141-0.446 1.574 0 0.436 0.445 0.408 1.197 0 1.615-0.406 0.418-4.695 4.502-4.695 4.502-0.217 0.223-0.502 0.335-0.787 0.335s-0.57-0.112-0.789-0.335c0 0-4.287-4.084-4.695-4.502s-0.436-1.17 0-1.615z"
                        />
                      </svg>
                    </div>
                  </div>
                </div>
              </div>
            </span>
          </div>
          <div
            class="plateRow"
          >
            <div
              aria-checked="true"
              class="container plateSelect"
              id="checkbox-plate-028c096b-a080-4934-bf94-8b02e042beb6"
              role="checkbox"
              tabindex="0"
            >
              <input
                checked=""
                type="checkbox"
              />
              <span
                class="checkbox"
              />
            </div>
            <label
              class="plateLabel"
              for="plate-028c096b-a080-4934-bf94-8b02e042beb6"
              id="label-plate-028c096b-a080-4934-bf94-8b02e042beb6"
            >
              <span
                class="plateLabelWeight"
              >
                10
              </span>
               
              <span
                class="plateLabelUnits"
              >
                lb
              </span>
            </label>
            <span
              class="plateQty"
            >
              <span
                class="plateQtyTimes"
              >
                x
              </span>
              <div
                class="plateQtySelect css-2b097c-container"
                id="plate-028c096b-a080-4934-bf94-8b02e042beb6-qty"
              >
                <div
                  class=" css-1xjhmb-control"
                >
                  <div
                    class=" css-86rg1c-ValueContainer"
                  >
                    <div
                      class=" css-1opnhvy-singleValue"
                    >
                      2
                    </div>
                    <div
                      class="css-b8ldur-Input"
                    >
                      <div
                        class=""
                        style="display: inline-block;"
                      >
                        <input
                          aria-autocomplete="list"
                          aria-labelledby="label-plate-028c096b-a080-4934-bf94-8b02e042beb6"
                          autocapitalize="none"
                          autocomplete="off"
                          autocorrect="off"
                          id="react-select-5-input"
                          spellcheck="false"
                          style="box-sizing: content-box; width: 2px; border: 0px; font-size: inherit; opacity: 1; outline: 0; padding: 0px;"
                          tabindex="0"
                          type="text"
                          value=""
                        />
                        <div
                          style="position: absolute; top: 0px; left: 0px; visibility: hidden; height: 0px; overflow: scroll; white-space: pre; font-size: inherit; font-family: -webkit-small-control; letter-spacing: normal; text-transform: none;"
                        />
                      </div>
                    </div>
                  </div>
                  <div
                    class=" css-3g9ome-IndicatorsContainer"
                  >
                    <span
                      class=" css-1okebmr-indicatorSeparator"
                    />
                    <div
                      aria-hidden="true"
                      class=" css-7kpv6p-indicatorContainer"
                    >
                      <svg
                        aria-hidden="true"
                        class="css-6q0nyr-Svg"
                        focusable="false"
                        height="20"
                        viewBox="0 0 20 20"
                        width="20"
                      >
                        <path
                          d="M4.516 7.548c0.436-0.446 1.043-0.481 1.576 0l3.908 3.747 3.908-3.747c0.533-0.481 1.141-0.446 1.574 0 0.436 0.445 0.408 1.197 0 1.615-0.406 0.418-4.695 4.502-4.695 4.502-0.217 0.223-0.502 0.335-0.787 0.335s-0.57-0.112-0.789-0.335c0 0-4.287-4.084-4.695-4.502s-0.436-1.17 0-1.615z"
                        />
                      </svg>
                    </div>
                  </div>
                </div>
              </div>
            </span>
          </div>
          <div
            class="plateRow"
          >
            <div
              aria-checked="false"
              class="container plateSelect"
              id="checkbox-plate-29e9209e-c953-4680-b88d-d39f1a57763c"
              role="checkbox"
              tabindex="0"
            >
              <input
                type="checkbox"
              />
              <span
                class="checkbox"
              />
            </div>
            <label
              class="plateLabel"
              for="plate-29e9209e-c953-4680-b88d-d39f1a57763c"
              id="label-plate-29e9209e-c953-4680-b88d-d39f1a57763c"
            >
              <span
                class="plateLabelWeight"
              >
                15
              </span>
               
              <span
                class="plateLabelUnits"
              >
                lb
              </span>
            </label>
            <span
              class="plateQty"
            >
              <span
                class="plateQtyTimes"
              >
                x
              </span>
              <div
                class="plateQtySelect css-2b097c-container"
                id="plate-29e9209e-c953-4680-b88d-d39f1a57763c-qty"
              >
                <div
                  class=" css-1xjhmb-control"
                >
                  <div
                    class=" css-86rg1c-ValueContainer"
                  >
                    <div
                      class=" css-1r23seu-placeholder"
                    >
                      Qty.
                    </div>
                    <div
                      class="css-b8ldur-Input"
                    >
                      <div
                        class=""
                        style="display: inline-block;"
                      >
                        <input
                          aria-autocomplete="list"
                          aria-labelledby="label-plate-29e9209e-c953-4680-b88d-d39f1a57763c"
                          autocapitalize="none"
                          autocomplete="off"
                          autocorrect="off"
                          id="react-select-6-input"
                          spellcheck="false"
                          style="box-sizing: content-box; width: 2px; border: 0px; font-size: inherit; opacity: 1; outline: 0; padding: 0px;"
                          tabindex="0"
                          type="text"
                          value=""
                        />
                        <div
                          style="position: absolute; top: 0px; left: 0px; visibility: hidden; height: 0px; overflow: scroll; white-space: pre; font-size: inherit; font-family: -webkit-small-control; letter-spacing: normal; text-transform: none;"
                        />
                      </div>
                    </div>
                  </div>
                  <div
                    class=" css-3g9ome-IndicatorsContainer"
                  >
                    <span
                      class=" css-1okebmr-indicatorSeparator"
                    />
                    <div
                      aria-hidden="true"
                      class=" css-7kpv6p-indicatorContainer"
                    >
                      <svg
                        aria-hidden="true"
                        class="css-6q0nyr-Svg"
                        focusable="false"
                        height="20"
                        viewBox="0 0 20 20"
                        width="20"
                      >
                        <path
                          d="M4.516 7.548c0.436-0.446 1.043-0.481 1.576 0l3.908 3.747 3.908-3.747c0.533-0.481 1.141-0.446 1.574 0 0.436 0.445 0.408 1.197 0 1.615-0.406 0.418-4.695 4.502-4.695 4.502-0.217 0.223-0.502 0.335-0.787 0.335s-0.57-0.112-0.789-0.335c0 0-4.287-4.084-4.695-4.502s-0.436-1.17 0-1.615z"
                        />
                      </svg>
                    </div>
                  </div>
                </div>
              </div>
            </span>
          </div>
          <div
            class="plateRow"
          >
            <div
              aria-checked="true"
              class="container plateSelect"
              id="checkbox-plate-46bc30ec-b357-4c60-9ebb-3ff5bda4f36c"
              role="checkbox"
              tabindex="0"
            >
              <input
                checked=""
                type="checkbox"
              />
              <span
                class="checkbox"
              />
            </div>
            <label
              class="plateLabel"
              for="plate-46bc30ec-b357-4c60-9ebb-3ff5bda4f36c"
              id="label-plate-46bc30ec-b357-4c60-9ebb-3ff5bda4f36c"
            >
              <span
                class="plateLabelWeight"
              >
                25
              </span>
               
              <span
                class="plateLabelUnits"
              >
                lb
              </span>
            </label>
            <span
              class="plateQty"
            >
              <span
                class="plateQtyTimes"
              >
                x
              </span>
              <div
                class="plateQtySelect css-2b097c-container"
                id="plate-46bc30ec-b357-4c60-9ebb-3ff5bda4f36c-qty"
              >
                <div
                  class=" css-1xjhmb-control"
                >
                  <div
                    class=" css-86rg1c-ValueContainer"
                  >
                    <div
                      class=" css-1opnhvy-singleValue"
                    >
                      2
                    </div>
                    <div
                      class="css-b8ldur-Input"
                    >
                      <div
                        class=""
                        style="display: inline-block;"
                      >
                        <input
                          aria-autocomplete="list"
                          aria-labelledby="label-plate-46bc30ec-b357-4c60-9ebb-3ff5bda4f36c"
                          autocapitalize="none"
                          autocomplete="off"
                          autocorrect="off"
                          id="react-select-7-input"
                          spellcheck="false"
                          style="box-sizing: content-box; width: 2px; border: 0px; font-size: inherit; opacity: 1; outline: 0; padding: 0px;"
                          tabindex="0"
                          type="text"
                          value=""
                        />
                        <div
                          style="position: absolute; top: 0px; left: 0px; visibility: hidden; height: 0px; overflow: scroll; white-space: pre; font-size: inherit; font-family: -webkit-small-control; letter-spacing: normal; text-transform: none;"
                        />
                      </div>
                    </div>
                  </div>
                  <div
                    class=" css-3g9ome-IndicatorsContainer"
                  >
                    <span
                      class=" css-1okebmr-indicatorSeparator"
                    />
                    <div
                      aria-hidden="true"
                      class=" css-7kpv6p-indicatorContainer"
                    >
                      <svg
                        aria-hidden="true"
                        class="css-6q0nyr-Svg"
                        focusable="false"
                        height="20"
                        viewBox="0 0 20 20"
                        width="20"
                      >
                        <path
                          d="M4.516 7.548c0.436-0.446 1.043-0.481 1.576 0l3.908 3.747 3.908-3.747c0.533-0.481 1.141-0.446 1.574 0 0.436 0.445 0.408 1.197 0 1.615-0.406 0.418-4.695 4.502-4.695 4.502-0.217 0.223-0.502 0.335-0.787 0.335s-0.57-0.112-0.789-0.335c0 0-4.287-4.084-4.695-4.502s-0.436-1.17 0-1.615z"
                        />
                      </svg>
                    </div>
                  </div>
                </div>
              </div>
            </span>
          </div>
          <div
            class="plateRow"
          >
            <div
              aria-checked="false"
              class="container plateSelect"
              id="checkbox-plate-9de6b80f-6c8a-458d-ba1a-4e7c126424ed"
              role="checkbox"
              tabindex="0"
            >
              <input
                type="checkbox"
              />
              <span
                class="checkbox"
              />
            </div>
            <label
              class="plateLabel"
              for="plate-9de6b80f-6c8a-458d-ba1a-4e7c126424ed"
              id="label-plate-9de6b80f-6c8a-458d-ba1a-4e7c126424ed"
            >
              <span
                class="plateLabelWeight"
              >
                35
              </span>
               
              <span
                class="plateLabelUnits"
              >
                lb
              </span>
            </label>
            <span
              class="plateQty"
            >
              <span
                class="plateQtyTimes"
              >
                x
              </span>
              <div
                class="plateQtySelect css-2b097c-container"
                id="plate-9de6b80f-6c8a-458d-ba1a-4e7c126424ed-qty"
              >
                <div
                  class=" css-1xjhmb-control"
                >
                  <div
                    class=" css-86rg1c-ValueContainer"
                  >
                    <div
                      class=" css-1r23seu-placeholder"
                    >
                      Qty.
                    </div>
                    <div
                      class="css-b8ldur-Input"
                    >
                      <div
                        class=""
                        style="display: inline-block;"
                      >
                        <input
                          aria-autocomplete="list"
                          aria-labelledby="label-plate-9de6b80f-6c8a-458d-ba1a-4e7c126424ed"
                          autocapitalize="none"
                          autocomplete="off"
                          autocorrect="off"
                          id="react-select-8-input"
                          spellcheck="false"
                          style="box-sizing: content-box; width: 2px; border: 0px; font-size: inherit; opacity: 1; outline: 0; padding: 0px;"
                          tabindex="0"
                          type="text"
                          value=""
                        />
                        <div
                          style="position: absolute; top: 0px; left: 0px; visibility: hidden; height: 0px; overflow: scroll; white-space: pre; font-size: inherit; font-family: -webkit-small-control; letter-spacing: normal; text-transform: none;"
                        />
                      </div>
                    </div>
                  </div>
                  <div
                    class=" css-3g9ome-IndicatorsContainer"
                  >
                    <span
                      class=" css-1okebmr-indicatorSeparator"
                    />
                    <div
                      aria-hidden="true"
                      class=" css-7kpv6p-indicatorContainer"
                    >
                      <svg
                        aria-hidden="true"
                        class="css-6q0nyr-Svg"
                        focusable="false"
                        height="20"
                        viewBox="0 0 20 20"
                        width="20"
                      >
                        <path
                          d="M4.516 7.548c0.436-0.446 1.043-0.481 1.576 0l3.908 3.747 3.908-3.747c0.533-0.481 1.141-0.446 1.574 0 0.436 0.445 0.408 1.197 0 1.615-0.406 0.418-4.695 4.502-4.695 4.502-0.217 0.223-0.502 0.335-0.787 0.335s-0.57-0.112-0.789-0.335c0 0-4.287-4.084-4.695-4.502s-0.436-1.17 0-1.615z"
                        />
                      </svg>
                    </div>
                  </div>
                </div>
              </div>
            </span>
          </div>
          <div
            class="plateRow"
          >
            <div
              aria-checked="true"
              class="container plateSelect"
              id="checkbox-plate-1bf5065e-ee44-4cb2-bf1b-321d0651e9f2"
              role="checkbox"
              tabindex="0"
            >
              <input
                checked=""
                type="checkbox"
              />
              <span
                class="checkbox"
              />
            </div>
            <label
              class="plateLabel"
              for="plate-1bf5065e-ee44-4cb2-bf1b-321d0651e9f2"
              id="label-plate-1bf5065e-ee44-4cb2-bf1b-321d0651e9f2"
            >
              <span
                class="plateLabelWeight"
              >
                45
              </span>
               
              <span
                class="plateLabelUnits"
              >
                lb
              </span>
            </label>
            <span
              class="plateQty"
            >
              <span
                class="plateQtyTimes"
              >
                x
              </span>
              <div
                class="plateQtySelect css-2b097c-container"
                id="plate-1bf5065e-ee44-4cb2-bf1b-321d0651e9f2-qty"
              >
                <div
                  class=" css-1xjhmb-control"
                >
                  <div
                    class=" css-86rg1c-ValueContainer"
                  >
                    <div
                      class=" css-1opnhvy-singleValue"
                    >
                      6
                    </div>
                    <div
                      class="css-b8ldur-Input"
                    >
                      <div
                        class=""
                        style="display: inline-block;"
                      >
                        <input
                          aria-autocomplete="list"
                          aria-labelledby="label-plate-1bf5065e-ee44-4cb2-bf1b-321d0651e9f2"
                          autocapitalize="none"
                          autocomplete="off"
                          autocorrect="off"
                          id="react-select-9-input"
                          spellcheck="false"
                          style="box-sizing: content-box; width: 2px; border: 0px; font-size: inherit; opacity: 1; outline: 0; padding: 0px;"
                          tabindex="0"
                          type="text"
                          value=""
                        />
                        <div
                          style="position: absolute; top: 0px; left: 0px; visibility: hidden; height: 0px; overflow: scroll; white-space: pre; font-size: inherit; font-family: -webkit-small-control; letter-spacing: normal; text-transform: none;"
                        />
                      </div>
                    </div>
                  </div>
                  <div
                    class=" css-3g9ome-IndicatorsContainer"
                  >
                    <span
                      class=" css-1okebmr-indicatorSeparator"
                    />
                    <div
                      aria-hidden="true"
                      class=" css-7kpv6p-indicatorContainer"
                    >
                      <svg
                        aria-hidden="true"
                        class="css-6q0nyr-Svg"
                        focusable="false"
                        height="20"
                        viewBox="0 0 20 20"
                        width="20"
                      >
                        <path
                          d="M4.516 7.548c0.436-0.446 1.043-0.481 1.576 0l3.908 3.747 3.908-3.747c0.533-0.481 1.141-0.446 1.574 0 0.436 0.445 0.408 1.197 0 1.615-0.406 0.418-4.695 4.502-4.695 4.502-0.217 0.223-0.502 0.335-0.787 0.335s-0.57-0.112-0.789-0.335c0 0-4.287-4.084-4.695-4.502s-0.436-1.17 0-1.615z"
                        />
                      </svg>
                    </div>
                  </div>
                </div>
              </div>
            </span>
          </div>
          <div
            class="plateRow"
          >
            <div
              aria-checked="false"
              class="container plateSelect"
              id="checkbox-plate-750c64fd-9a10-45dc-885c-f089ac3a2258"
              role="checkbox"
              tabindex="0"
            >
              <input
                type="checkbox"
              />
              <span
                class="checkbox"
              />
            </div>
            <label
              class="plateLabel"
              for="plate-750c64fd-9a10-45dc-885c-f089ac3a2258"
              id="label-plate-750c64fd-9a10-45dc-885c-f089ac3a2258"
            >
              <span
                class="plateLabelWeight"
              >
                55
              </span>
               
              <span
                class="plateLabelUnits"
              >
                lb
              </span>
            </label>
            <span
              class="plateQty"
            >
              <span
                class="plateQtyTimes"
              >
                x
              </span>
              <div
                class="plateQtySelect css-2b097c-container"
                id="plate-750c64fd-9a10-45dc-885c-f089ac3a2258-qty"
              >
                <div
                  class=" css-1xjhmb-control"
                >
                  <div
                    class=" css-86rg1c-ValueContainer"
                  >
                    <div
                      class=" css-1r23seu-placeholder"
                    >
                      Qty.
                    </div>
                    <div
                      class="css-b8ldur-Input"
                    >
                      <div
                        class=""
                        style="display: inline-block;"
                      >
                        <input
                          aria-autocomplete="list"
                          aria-labelledby="label-plate-750c64fd-9a10-45dc-885c-f089ac3a2258"
                          autocapitalize="none"
                          autocomplete="off"
                          autocorrect="off"
                          id="react-select-10-input"
                          spellcheck="false"
                          style="box-sizing: content-box; width: 2px; border: 0px; font-size: inherit; opacity: 1; outline: 0; padding: 0px;"
                          tabindex="0"
                          type="text"
                          value=""
                        />
                        <div
                          style="position: absolute; top: 0px; left: 0px; visibility: hidden; height: 0px; overflow: scroll; white-space: pre; font-size: inherit; font-family: -webkit-small-control; letter-spacing: normal; text-transform: none;"
                        />
                      </div>
                    </div>
                  </div>
                  <div
                    class=" css-3g9ome-IndicatorsContainer"
                  >
                    <span
                      class=" css-1okebmr-indicatorSeparator"
                    />
                    <div
                      aria-hidden="true"
                      class=" css-7kpv6p-indicatorContainer"
                    >
                      <svg
                        aria-hidden="true"
                        class="css-6q0nyr-Svg"
                        focusable="false"
                        height="20"
                        viewBox="0 0 20 20"
                        width="20"
                      >
                        <path
                          d="M4.516 7.548c0.436-0.446 1.043-0.481 1.576 0l3.908 3.747 3.908-3.747c0.533-0.481 1.141-0.446 1.574 0 0.436 0.445 0.408 1.197 0 1.615-0.406 0.418-4.695 4.502-4.695 4.502-0.217 0.223-0.502 0.335-0.787 0.335s-0.57-0.112-0.789-0.335c0 0-4.287-4.084-4.695-4.502s-0.436-1.17 0-1.615z"
                        />
                      </svg>
                    </div>
                  </div>
                </div>
              </div>
            </span>
          </div>
          <div
            class="plateRow"
          >
            <div
              aria-checked="false"
              class="container plateSelect"
              id="checkbox-plate-c68afd81-877b-4601-b851-8edbaccd6af6"
              role="checkbox"
              tabindex="0"
            >
              <input
                type="checkbox"
              />
              <span
                class="checkbox"
              />
            </div>
            <label
              class="plateLabel"
              for="plate-c68afd81-877b-4601-b851-8edbaccd6af6"
              id="label-plate-c68afd81-877b-4601-b851-8edbaccd6af6"
            >
              <span
                class="plateLabelWeight"
              >
                100
              </span>
               
              <span
                class="plateLabelUnits"
              >
                lb
              </span>
            </label>
            <span
              class="plateQty"
            >
              <span
                class="plateQtyTimes"
              >
                x
              </span>
              <div
                class="plateQtySelect css-2b097c-container"
                id="plate-c68afd81-877b-4601-b851-8edbaccd6af6-qty"
              >
                <div
                  class=" css-1xjhmb-control"
                >
                  <div
                    class=" css-86rg1c-ValueContainer"
                  >
                    <div
                      class=" css-1r23seu-placeholder"
                    >
                      Qty.
                    </div>
                    <div
                      class="css-b8ldur-Input"
                    >
                      <div
                        class=""
                        style="display: inline-block;"
                      >
                        <input
                          aria-autocomplete="list"
                          aria-labelledby="label-plate-c68afd81-877b-4601-b851-8edbaccd6af6"
                          autocapitalize="none"
                          autocomplete="off"
                          autocorrect="off"
                          id="react-select-11-input"
                          spellcheck="false"
                          style="box-sizing: content-box; width: 2px; border: 0px; font-size: inherit; opacity: 1; outline: 0; padding: 0px;"
                          tabindex="0"
                          type="text"
                          value=""
                        />
                        <div
                          style="position: absolute; top: 0px; left: 0px; visibility: hidden; height: 0px; overflow: scroll; white-space: pre; font-size: inherit; font-family: -webkit-small-control; letter-spacing: normal; text-transform: none;"
                        />
                      </div>
                    </div>
                  </div>
                  <div
                    class=" css-3g9ome-IndicatorsContainer"
                  >
                    <span
                      class=" css-1okebmr-indicatorSeparator"
                    />
                    <div
                      aria-hidden="true"
                      class=" css-7kpv6p-indicatorContainer"
                    >
                      <svg
                        aria-hidden="true"
                        class="css-6q0nyr-Svg"
                        focusable="false"
                        height="20"
                        viewBox="0 0 20 20"
                        width="20"
                      >
                        <path
                          d="M4.516 7.548c0.436-0.446 1.043-0.481 1.576 0l3.908 3.747 3.908-3.747c0.533-0.481 1.141-0.446 1.574 0 0.436 0.445 0.408 1.197 0 1.615-0.406 0.418-4.695 4.502-4.695 4.502-0.217 0.223-0.502 0.335-0.787 0.335s-0.57-0.112-0.789-0.335c0 0-4.287-4.084-4.695-4.502s-0.436-1.17 0-1.615z"
                        />
                      </svg>
                    </div>
                  </div>
                </div>
              </div>
            </span>
          </div>
        </div>
        <button
          class="button"
          id="customize-plates-btn"
          type="button"
        >
          Customize
        </button>
      </div>
      <div
        class="container"
      >
        <header
          class="header"
        >
          <h2
            class="sectionTitle"
          >
            Barbells
          </h2>
        </header>
        <div
          class="barbellOptions"
        >
          <div
            class="barbellRow"
          >
            <div
              aria-checked="true"
              class="container barbellSelect"
              id="checkbox-barbell-8990ff9d-7c88-4127-92ca-bab3e594c7da"
              role="checkbox"
              tabindex="0"
            >
              <input
                checked=""
                type="checkbox"
              />
              <span
                class="checkbox"
              />
            </div>
            <label
              class="barbellLabel"
              for="barbell-8990ff9d-7c88-4127-92ca-bab3e594c7da"
            >
              <span
                class="barbellName"
              >
                Olympic
              </span>
              <span
                class="barbellDesc"
              >
                84
                 inches / 
                <span
                  class=""
                >
                  45
                </span>
                 
                <span
                  class=""
                >
                  lb
                </span>
              </span>
            </label>
          </div>
          <div
            class="barbellRow"
          >
            <div
              aria-checked="false"
              class="container barbellSelect"
              id="checkbox-barbell-0d763d30-0927-4f8c-99ce-ece206333cf5"
              role="checkbox"
              tabindex="0"
            >
              <input
                type="checkbox"
              />
              <span
                class="checkbox"
              />
            </div>
            <label
              class="barbellLabel"
              for="barbell-0d763d30-0927-4f8c-99ce-ece206333cf5"
            >
              <span
                class="barbellName"
              >
                6-Foot Olympic
              </span>
              <span
                class="barbellDesc"
              >
                72
                 inches / 
                <span
                  class=""
                >
                  33
                </span>
                 
                <span
                  class=""
                >
                  lb
                </span>
              </span>
            </label>
          </div>
          <div
            class="barbellRow"
          >
            <div
              aria-checked="false"
              class="container barbellSelect"
              id="checkbox-barbell-9ca1d387-0b7a-4186-9a71-b14eeefb4eb7"
              role="checkbox"
              tabindex="0"
            >
              <input
                type="checkbox"
              />
              <span
                class="checkbox"
              />
            </div>
            <label
              class="barbellLabel"
              for="barbell-9ca1d387-0b7a-4186-9a71-b14eeefb4eb7"
            >
              <span
                class="barbellName"
              >
                EZ curl
              </span>
              <span
                class="barbellDesc"
              >
                48
                 inches / 
                <span
                  class=""
                >
                  17
                </span>
                 
                <span
                  class=""
                >
                  lb
                </span>
              </span>
            </label>
          </div>
        </div>
        <button
          class="button"
          id="add-barbell-btn"
          type="button"
        >
          Add
        </button>
      </div>
    </form>
  </div>
</div>
`;
